[minecraftforfreex.com/index.html]
[backblue.gif]
[fade.gif]
[index.html]
[minecraftforfreex.com/css/bootstrap.min.css]
[minecraftforfreex.com/css/main.css]
[minecraftforfreex.com/favicon/apple-touch-icon.png]
[minecraftforfreex.com/favicon/favicon-32x32.png]
[minecraftforfreex.com/favicon/favicon-16x16.png]
[minecraftforfreex.com/favicon/site.webmanifest]
[pagead2.googlesyndication.com/pagead/js/f918b.txt]
[www.google-analytics.com/analytics.js]
[minecraftforfreex.com/images/logo.png]
[minecraftforfreex.com/eaglercraft/index.html]
[code.jquery.com/jquery-1.11.3.min.js]
[minecraftforfreex.com/games/index.html]
[maxcdn.bootstrapcdn.com/bootstrap/3.3.5/js/bootstrap.min.js]
[minecraftforfreex.com/help/index.html]
[minecraftforfreex.com/index.html]
[minecraftforfreex.com/cdn-cgi/challenge-platform/h/b/scripts/jsd/3104729c556c/maind41d.js]
[minecraftforfreex.com/minecraft/index.html]
[minecraftforfreex.com/games-like-minecraft/index.html]
[minecraftforfreex.com/classicube/index.html]
[minecraftforfreex.com/about/index.html]
[minecraftforfreex.com/contact/index.html]
[minecraftforfreex.com/fonts/glyphicons-halflings-regular.eot]
[minecraftforfreex.com/privacy/index.html]
[minecraftforfreex.com/fonts/glyphicons-halflings-regulard41d.eot]
[minecraftforfreex.com/fonts/glyphicons-halflings-regular.woff2]
[minecraftforfreex.com/fonts/glyphicons-halflings-regular.woff]
[minecraftforfreex.com/fonts/glyphicons-halflings-regular.ttf]
[minecraftforfreex.com/css/bootstrap.min.css]
[minecraftforfreex.com/fonts/glyphicons-halflings-regular.svg]
[minecraftforfreex.com/images/fullscreen.png]
[minecraftforfreex.com/images/stone.png]
[minecraftforfreex.com/css/main.css]
[maxcdn.bootstrapcdn.com/bootstrap/3.3.5/css/bootstrap.min.css]
[pagead2.googlesyndication.com/pagead/js/f.txt]
[maxcdn.bootstrapcdn.com/font-awesome/4.4.0/css/font-awesome.min.css]
[minecraftforfreex.com/images/eagtek.png]
[minecraftforfreex.com/images/eaglercraft.png]
[minecraftforfreex.com/images/eaglercraftx.png]
[minecraftforfreex.com/eaglercraft/faq-old/index.html]
[minecraftforfreex.com/js/load.js]
[minecraftforfreex.com/eaglercraft/index.html]
[minecraftforfreex.com/games/index.html]
[minecraftforfreex.com/help/index.html]
[minecraftforfreex.com/help/guide/index.html]
[minecraftforfreex.com/minecraft.html]
[minecraftforfreex.com/minecraft/index.html]
[minecraftforfreex.com/help/java/index.html]
[minecraftforfreex.com/help/sklauncher/index.html]
[minecraftforfreex.com/help/multiplayer/index.html]
[minecraftforfreex.com/classicube.html]
[minecraftforfreex.com/guide/index.html]
[minecraftforfreex.com/images/classicube-keyboard.png]
[minecraftforfreex.com/images/classicube-mouse.png]
[minecraftforfreex.com/classicube/index.html]
[minecraftforfreex.com/js/fs.js]
[minecraftforfreex.com/images/roblox.png]
[minecraftforfreex.com/images/creativerse.png]
[minecraftforfreex.com/images/terasology.png]
[minecraftforfreex.com/images/unturned.png]
[minecraftforfreex.com/images/robocraft.png]
[minecraftforfreex.com/games-like-minecraft/index.html]
[minecraftforfreex.com/about/index.html]
[minecraftforfreex.com/contact/index.html]
[minecraftforfreex.com/privacy/index.html]
[minecraftforfreex.com/fonts/glyphicons-halflings-regular.svg]
[maxcdn.bootstrapcdn.com/bootstrap/3.3.5/css/bootstrap.min.css]
[maxcdn.bootstrapcdn.com/font-awesome/4.4.0/css/font-awesome.min.css]
[minecraftforfreex.com/images/hdd-test.png]
[minecraftforfreex.com/images/sd-test.png]
[minecraftforfreex.com/eaglercraft/faq-old/index.html]
[minecraftforfreex.com/help/guide/index.html]
[minecraftforfreex.com/js/lazy.js]
[minecraftforfreex.com/images/ie-blocked.png]
[minecraftforfreex.com/images/java-settings.png]
[minecraftforfreex.com/images/java-run.png]
[minecraftforfreex.com/help/java/index.html]
[minecraftforfreex.com/images/skl/1_skl-registration.png]
[minecraftforfreex.com/images/skl/2_skl-signin.png]
[minecraftforfreex.com/images/skl/3_skl-profilemanager-1.png]
[minecraftforfreex.com/images/skl/4_skl-profilemanager-2.png]
[minecraftforfreex.com/images/skl/5_skl-downloads.png]
[minecraftforfreex.com/images/skl/6_skl-launcher-login.png]
[minecraftforfreex.com/images/skl/7_skl-launcher-play.png]
[minecraftforfreex.com/help/sklauncher/index.html]
[minecraftforfreex.com/images/mp/1_minecraft-servers.png]
[minecraftforfreex.com/images/mp/3_eaglercraft-profile.png]
[minecraftforfreex.com/images/mp/3_eaglercraft-menu.png]
[minecraftforfreex.com/images/mp/4_eaglercraft-multiplayer.png]
[minecraftforfreex.com/images/mp/4_eaglercraft-server-address.png]
[minecraftforfreex.com/images/mp/5_eaglercraft-join-server.png]
[minecraftforfreex.com/images/mp/6_eaglercraft-server-commands.png]
[minecraftforfreex.com/help/multiplayer/index.html]
[minecraftforfreex.com/play/index.html]
[minecraftforfreex.com/guide/index.html]
[minecraftforfreex.com/minecraft.html]
[minecraftforfreex.com/images/dark-stone.png]
[minecraftforfreex.com/classicube.html]
[www-sites-opensocial.googleusercontent.com/gadgets/proxy/refresh=3600&container=enterprise/https_/sites.google.com/site/s022s4h6/uinitwasm.html]
