[blox-gifts.com/index.html]
[blox-gifts.com/a/598a50.webp]
[backblue.gif]
[fade.gif]
[index.html]
[blox-gifts.com/css/82cc1b.css]
[blox-gifts.com/js/5dc29c.js]
[blox-gifts.com/index.html]
[blox-gifts.com/site.html]
[static.cloudflareinsights.com/beacon.min.js]
[blox-gifts.com/a/8a9882.svg]
[blox-gifts.com/a/ffedf5.svg]
[blox-gifts.com/a/8b78ae.svg]
[blox-gifts.com/a/b50ad1.svg]
[blox-gifts.com/a/cadb15.svg]
[blox-gifts.com/a/5580e9.svg]
[blox-gifts.com/a/baff4d.svg]
[blox-gifts.com/a/62f609.svg]
[blox-gifts.com/a/659bf0.svg]
[blox-gifts.com/a/aaaa09.svg]
[blox-gifts.com/a/ff8364.svg]
[blox-gifts.com/a/715495.svg]
[blox-gifts.com/a/442864.svg]
[blox-gifts.com/a/442a99.svg]
[blox-gifts.com/a/d7d80c.svg]
[blox-gifts.com/a/c5e1a7.svg]
[blox-gifts.com/a/436615.svg]
[blox-gifts.com/a/2af2f1.svg]
[blox-gifts.com/a/5e56a6.svg]
[blox-gifts.com/a/8531e5.svg]
[blox-gifts.com/a/2c3268.svg]
[blox-gifts.com/a/203014.svg]
[blox-gifts.com/a/89e0ee.svg]
[blox-gifts.com/a/a38067.svg]
[blox-gifts.com/a/39a6c6.svg]
[blox-gifts.com/a/d226bf.svg]
[blox-gifts.com/a/87f39c.svg]
[blox-gifts.com/a/64a2a2.svg]
[blox-gifts.com/a/d6bdeb.svg]
[blox-gifts.com/a/c16024.svg]
[blox-gifts.com/a/8a8df5.svg]
[blox-gifts.com/a/96a76f.svg]
[blox-gifts.com/a/aea88a.svg]
[blox-gifts.com/a/3d2c62.svg]
[blox-gifts.com/a/59c725.svg]
[blox-gifts.com/a/313b12.svg]
[blox-gifts.com/a/6e3af1.svg]
[blox-gifts.com/a/a6434d.svg]
[blox-gifts.com/a/b4bf99.svg]
[blox-gifts.com/a/7d1974.svg]
[blox-gifts.com/a/818c38.svg]
[blox-gifts.com/a/4b93e6.svg]
[blox-gifts.com/a/bbaa41.svg]
[blox-gifts.com/a/c2ca96.svg]
[blox-gifts.com/a/506c91.svg]
[blox-gifts.com/a/4b62c3.svg]
[blox-gifts.com/a/89947d.svg]
[blox-gifts.com/a/d512b2.svg]
[blox-gifts.com/a/d4be05.svg]
[blox-gifts.com/a/ffc7e3.svg]
[blox-gifts.com/a/3c8e49.svg]
[blox-gifts.com/a/8547c8.svg]
[blox-gifts.com/a/d6c04f.svg]
[blox-gifts.com/a/4cae64.svg]
[blox-gifts.com/a/40f8c2.svg]
[blox-gifts.com/a/8d1a38.svg]
[blox-gifts.com/a/834009.svg]
[blox-gifts.com/a/cf0bde.svg]
[blox-gifts.com/a/b7befe.svg]
[blox-gifts.com/a/9d7cb7.svg]
[blox-gifts.com/a/c322dd.svg]
[blox-gifts.com/a/8c4096.svg]
[blox-gifts.com/a/d71a07.svg]
[blox-gifts.com/a/e16dbe.svg]
[blox-gifts.com/a/ab2945.svg]
[blox-gifts.com/a/55b930.svg]
[blox-gifts.com/a/34a568.svg]
[blox-gifts.com/a/75463e.svg]
[blox-gifts.com/a/8911b3.svg]
[blox-gifts.com/a/7307b7.svg]
[blox-gifts.com/a/2d71fc.svg]
[blox-gifts.com/a/407342.svg]
[blox-gifts.com/a/42c76c.svg]
[blox-gifts.com/a/b37090.svg]
[blox-gifts.com/a/a3e5ef.svg]
[blox-gifts.com/a/2a66f8.svg]
[blox-gifts.com/a/22c9a7.svg]
[blox-gifts.com/a/ea1e4a.svg]
[blox-gifts.com/a/9b299a.svg]
[blox-gifts.com/a/c7b511.svg]
[blox-gifts.com/css/82cc1b.css]
[blox-gifts.com/a/8a9882.svg]
[blox-gifts.com/a/ffedf5.svg]
[blox-gifts.com/a/8b78ae.svg]
[blox-gifts.com/a/b50ad1.svg]
[blox-gifts.com/a/cadb15.svg]
[blox-gifts.com/a/5580e9.svg]
[blox-gifts.com/a/baff4d.svg]
[blox-gifts.com/a/62f609.svg]
[blox-gifts.com/a/659bf0.svg]
[blox-gifts.com/a/aaaa09.svg]
[blox-gifts.com/a/ff8364.svg]
[blox-gifts.com/a/715495.svg]
[blox-gifts.com/a/442864.svg]
[blox-gifts.com/a/442a99.svg]
[blox-gifts.com/a/d7d80c.svg]
[blox-gifts.com/a/c5e1a7.svg]
[blox-gifts.com/a/436615.svg]
[blox-gifts.com/a/2af2f1.svg]
[blox-gifts.com/a/5e56a6.svg]
[blox-gifts.com/a/8531e5.svg]
[blox-gifts.com/a/2c3268.svg]
[blox-gifts.com/a/203014.svg]
[blox-gifts.com/a/89e0ee.svg]
[blox-gifts.com/a/a38067.svg]
[blox-gifts.com/a/39a6c6.svg]
[blox-gifts.com/a/d226bf.svg]
[blox-gifts.com/a/87f39c.svg]
[blox-gifts.com/a/64a2a2.svg]
[blox-gifts.com/a/d6bdeb.svg]
[blox-gifts.com/a/c16024.svg]
[blox-gifts.com/a/8a8df5.svg]
[blox-gifts.com/a/96a76f.svg]
[blox-gifts.com/a/aea88a.svg]
[blox-gifts.com/a/3d2c62.svg]
[blox-gifts.com/a/59c725.svg]
[blox-gifts.com/a/313b12.svg]
[blox-gifts.com/a/6e3af1.svg]
[blox-gifts.com/a/a6434d.svg]
[blox-gifts.com/a/b4bf99.svg]
[blox-gifts.com/a/7d1974.svg]
[blox-gifts.com/a/818c38.svg]
[blox-gifts.com/a/4b93e6.svg]
[blox-gifts.com/a/bbaa41.svg]
[blox-gifts.com/a/c2ca96.svg]
[blox-gifts.com/a/506c91.svg]
[blox-gifts.com/a/4b62c3.svg]
[blox-gifts.com/a/89947d.svg]
[blox-gifts.com/a/d512b2.svg]
[blox-gifts.com/a/d4be05.svg]
[blox-gifts.com/a/ffc7e3.svg]
[blox-gifts.com/a/3c8e49.svg]
[blox-gifts.com/a/8547c8.svg]
[blox-gifts.com/a/d6c04f.svg]
[blox-gifts.com/a/4cae64.svg]
[blox-gifts.com/a/40f8c2.svg]
[blox-gifts.com/a/8d1a38.svg]
[blox-gifts.com/a/834009.svg]
[blox-gifts.com/a/cf0bde.svg]
[blox-gifts.com/a/b7befe.svg]
[blox-gifts.com/a/9d7cb7.svg]
[blox-gifts.com/a/c322dd.svg]
[blox-gifts.com/a/8c4096.svg]
[blox-gifts.com/a/d71a07.svg]
[blox-gifts.com/a/e16dbe.svg]
[blox-gifts.com/a/ab2945.svg]
[blox-gifts.com/a/55b930.svg]
[blox-gifts.com/a/34a568.svg]
[blox-gifts.com/a/75463e.svg]
[blox-gifts.com/a/8911b3.svg]
[blox-gifts.com/a/7307b7.svg]
[blox-gifts.com/a/2d71fc.svg]
[blox-gifts.com/a/407342.svg]
[blox-gifts.com/a/42c76c.svg]
[blox-gifts.com/a/b37090.svg]
[blox-gifts.com/a/a3e5ef.svg]
[blox-gifts.com/a/2a66f8.svg]
[blox-gifts.com/a/22c9a7.svg]
[blox-gifts.com/a/ea1e4a.svg]
[blox-gifts.com/a/9b299a.svg]
[blox-gifts.com/a/c7b511.svg]
[blox-gifts.com/a/869c9f.html]
[blox-gifts.com/a/63a1da.html]
[blox-gifts.com/a/ef7827.html]
[blox-gifts.com/a/489296.html]
[blox-gifts.com/a/e69c73.html]
[blox-gifts.com/a/a74088.html]
