[blox-gift.vercel.app/index.html]
[blox-gift.vercel.app/site.webmanifest]
[backblue.gif]
[fade.gif]
[index.html]
[blox-gift.vercel.app/index-2.html]
[blox-gift.vercel.app/favicon.ico]
[blox-gift.vercel.app/index-3.html]
[cloud.umami.is/script.js]
[blox-gift.vercel.app/cdc03e.js]
[blox-gift.vercel.app/index.html]
[blox-gift.vercel.app/index-2.html]
[blox-gift.vercel.app/index-3.html]
[blox.gifts/og-image.html]
[blox-gift.vercel.app/5aee6c.css]
[blox-gift.vercel.app/flags/index.html]
[blox-gift.vercel.app/flags/index-2.html]
[blox-gift.vercel.app/flags/index-3.html]
[blox-gift.vercel.app/flags/index-4.html]
[blox-gift.vercel.app/flags/index-5.html]
[blox-gift.vercel.app/flags/index-6.html]
[blox-gift.vercel.app/flags/index-7.html]
[blox-gift.vercel.app/flags/index-8.html]
[blox-gift.vercel.app/flags/index-9.html]
[blox-gift.vercel.app/flags/index-10.html]
[blox-gift.vercel.app/flags/index-11.html]
[blox-gift.vercel.app/flags/index-12.html]
[blox-gift.vercel.app/flags/index-13.html]
[blox-gift.vercel.app/flags/index-14.html]
[blox-gift.vercel.app/flags/index-15.html]
[blox-gift.vercel.app/flags/index-16.html]
[blox-gift.vercel.app/flags/index-17.html]
[blox-gift.vercel.app/flags/index-18.html]
[blox-gift.vercel.app/flags/index-19.html]
[blox-gift.vercel.app/flags/index-20.html]
[blox-gift.vercel.app/flags/index-21.html]
[blox-gift.vercel.app/flags/index-22.html]
[blox-gift.vercel.app/flags/index-23.html]
[blox-gift.vercel.app/flags/index-24.html]
[blox-gift.vercel.app/flags/index-25.html]
[blox-gift.vercel.app/flags/index-26.html]
[blox-gift.vercel.app/flags/index-27.html]
[blox-gift.vercel.app/flags/index-28.html]
[blox-gift.vercel.app/flags/index-29.html]
[blox-gift.vercel.app/flags/index-30.html]
[blox-gift.vercel.app/flags/index-31.html]
[blox-gift.vercel.app/flags/index-32.html]
[blox-gift.vercel.app/flags/index-33.html]
[blox-gift.vercel.app/flags/index-34.html]
[blox-gift.vercel.app/flags/index-35.html]
[blox-gift.vercel.app/flags/index-36.html]
[blox-gift.vercel.app/flags/index-37.html]
[blox-gift.vercel.app/flags/index-38.html]
[blox-gift.vercel.app/flags/index-39.html]
[blox-gift.vercel.app/flags/index-40.html]
[blox-gift.vercel.app/flags/index-41.html]
[blox-gift.vercel.app/flags/index-42.html]
[blox-gift.vercel.app/flags/index-43.html]
[blox-gift.vercel.app/flags/index-44.html]
[blox-gift.vercel.app/flags/index-45.html]
[blox-gift.vercel.app/flags/index-46.html]
[blox-gift.vercel.app/flags/index-47.html]
[blox-gift.vercel.app/flags/index-48.html]
[blox-gift.vercel.app/flags/index-49.html]
[blox-gift.vercel.app/flags/index-50.html]
[blox-gift.vercel.app/flags/index-51.html]
[blox-gift.vercel.app/flags/index-52.html]
[blox-gift.vercel.app/flags/index-53.html]
[blox-gift.vercel.app/flags/index-54.html]
[blox-gift.vercel.app/flags/index-55.html]
[blox-gift.vercel.app/flags/index-56.html]
[blox-gift.vercel.app/flags/index-57.html]
[blox-gift.vercel.app/flags/index-58.html]
[blox-gift.vercel.app/flags/index-59.html]
[blox-gift.vercel.app/flags/index-60.html]
[blox-gift.vercel.app/flags/index-61.html]
[blox-gift.vercel.app/flags/index-62.html]
[blox-gift.vercel.app/flags/index-63.html]
[blox-gift.vercel.app/flags/index-64.html]
[blox-gift.vercel.app/flags/index-65.html]
[blox-gift.vercel.app/flags/index-66.html]
[blox-gift.vercel.app/flags/index-67.html]
[blox-gift.vercel.app/flags/index-68.html]
[blox-gift.vercel.app/flags/index-69.html]
[blox-gift.vercel.app/flags/index-70.html]
[blox-gift.vercel.app/flags/index-71.html]
[blox-gift.vercel.app/flags/index-72.html]
[blox-gift.vercel.app/flags/index-73.html]
[blox-gift.vercel.app/flags/index-74.html]
[blox-gift.vercel.app/flags/index-75.html]
[blox-gift.vercel.app/flags/index-76.html]
[blox-gift.vercel.app/flags/index-77.html]
[blox-gift.vercel.app/flags/index-78.html]
[blox-gift.vercel.app/flags/index-79.html]
[blox-gift.vercel.app/flags/index-80.html]
[blox-gift.vercel.app/flags/index-81.html]
[blox-gift.vercel.app/flags/index-82.html]
[blox-gift.vercel.app/flags/index-83.html]
[blox-gift.vercel.app/flags/index-84.html]
[blox-gift.vercel.app/flags/index-85.html]
[blox-gift.vercel.app/flags/index-86.html]
[blox-gift.vercel.app/flags/index-87.html]
[blox-gift.vercel.app/flags/index-88.html]
[blox-gift.vercel.app/flags/index-89.html]
[blox-gift.vercel.app/flags/index-90.html]
[blox-gift.vercel.app/flags/index-91.html]
[blox-gift.vercel.app/flags/index-92.html]
[blox-gift.vercel.app/flags/index-93.html]
[blox-gift.vercel.app/flags/index-94.html]
[blox-gift.vercel.app/flags/index-95.html]
[blox-gift.vercel.app/flags/index-96.html]
[blox-gift.vercel.app/flags/index-97.html]
[blox-gift.vercel.app/flags/index-98.html]
[blox-gift.vercel.app/flags/index-99.html]
[blox-gift.vercel.app/flags/index-100.html]
[blox-gift.vercel.app/flags/index-101.html]
[blox-gift.vercel.app/flags/index-102.html]
[blox-gift.vercel.app/flags/index-103.html]
[blox-gift.vercel.app/flags/index-104.html]
[blox-gift.vercel.app/flags/index-105.html]
[blox-gift.vercel.app/flags/index-106.html]
[blox-gift.vercel.app/flags/index-107.html]
[blox-gift.vercel.app/flags/index-108.html]
[blox-gift.vercel.app/flags/index-109.html]
[blox-gift.vercel.app/flags/index-110.html]
[blox-gift.vercel.app/flags/index-111.html]
[blox-gift.vercel.app/flags/index-112.html]
[blox-gift.vercel.app/flags/index-113.html]
[blox-gift.vercel.app/flags/index-114.html]
[blox-gift.vercel.app/flags/index-115.html]
[blox-gift.vercel.app/flags/index-116.html]
[blox-gift.vercel.app/flags/index-117.html]
[blox-gift.vercel.app/flags/index-118.html]
[blox-gift.vercel.app/flags/index-119.html]
[blox-gift.vercel.app/flags/index-120.html]
[blox-gift.vercel.app/flags/index-121.html]
[blox-gift.vercel.app/flags/index-122.html]
[blox-gift.vercel.app/flags/index-123.html]
[blox-gift.vercel.app/flags/index-124.html]
[blox-gift.vercel.app/flags/index-125.html]
[blox-gift.vercel.app/flags/index-126.html]
[blox-gift.vercel.app/flags/index-127.html]
[blox-gift.vercel.app/flags/index-128.html]
[blox-gift.vercel.app/flags/index-129.html]
[blox-gift.vercel.app/flags/index-130.html]
[blox-gift.vercel.app/flags/index-131.html]
[blox-gift.vercel.app/flags/index-132.html]
[blox-gift.vercel.app/flags/index-133.html]
[blox-gift.vercel.app/flags/index-134.html]
[blox-gift.vercel.app/flags/index-135.html]
[blox-gift.vercel.app/flags/index-136.html]
[blox-gift.vercel.app/flags/index-137.html]
[blox-gift.vercel.app/flags/index-138.html]
[blox-gift.vercel.app/flags/index-139.html]
[blox-gift.vercel.app/flags/index-140.html]
[blox-gift.vercel.app/flags/index-141.html]
[blox-gift.vercel.app/flags/index-142.html]
[blox-gift.vercel.app/flags/index-143.html]
[blox-gift.vercel.app/flags/index-144.html]
[blox-gift.vercel.app/flags/index-145.html]
[blox-gift.vercel.app/flags/index-146.html]
[blox-gift.vercel.app/flags/index-147.html]
[blox-gift.vercel.app/flags/index-148.html]
[blox-gift.vercel.app/flags/index-149.html]
[blox-gift.vercel.app/flags/index-150.html]
[blox-gift.vercel.app/flags/index-151.html]
[blox-gift.vercel.app/flags/index-152.html]
[blox-gift.vercel.app/flags/index-153.html]
[blox-gift.vercel.app/flags/index-154.html]
[blox-gift.vercel.app/flags/index-155.html]
[blox-gift.vercel.app/flags/index-156.html]
[blox-gift.vercel.app/flags/index-157.html]
[blox-gift.vercel.app/flags/index-158.html]
[blox-gift.vercel.app/flags/index-159.html]
[blox-gift.vercel.app/flags/index-160.html]
[blox-gift.vercel.app/flags/index-161.html]
[blox-gift.vercel.app/flags/index-162.html]
[blox-gift.vercel.app/flags/index-163.html]
[blox-gift.vercel.app/flags/index-164.html]
[blox-gift.vercel.app/flags/index-165.html]
[blox-gift.vercel.app/flags/index-166.html]
[blox-gift.vercel.app/flags/index-167.html]
[blox-gift.vercel.app/flags/index-168.html]
[blox-gift.vercel.app/flags/index-169.html]
[blox-gift.vercel.app/flags/index-170.html]
[blox-gift.vercel.app/flags/index-171.html]
[blox-gift.vercel.app/flags/index-172.html]
[blox-gift.vercel.app/flags/index-173.html]
[blox-gift.vercel.app/flags/index-174.html]
[blox-gift.vercel.app/flags/index-175.html]
[blox-gift.vercel.app/flags/index-176.html]
[blox-gift.vercel.app/flags/index-177.html]
[blox-gift.vercel.app/flags/index-178.html]
[blox-gift.vercel.app/flags/index-179.html]
[blox-gift.vercel.app/flags/index-180.html]
[blox-gift.vercel.app/flags/index-181.html]
[blox-gift.vercel.app/flags/index-182.html]
[blox-gift.vercel.app/flags/index-183.html]
[blox-gift.vercel.app/flags/index-184.html]
[blox-gift.vercel.app/flags/index-185.html]
[blox-gift.vercel.app/flags/index-186.html]
[blox-gift.vercel.app/flags/index-187.html]
[blox-gift.vercel.app/flags/index-188.html]
[blox-gift.vercel.app/flags/index-189.html]
[blox-gift.vercel.app/flags/index-190.html]
[blox-gift.vercel.app/flags/index-191.html]
[blox-gift.vercel.app/flags/index-192.html]
[blox-gift.vercel.app/flags/index-193.html]
[blox-gift.vercel.app/flags/index-194.html]
[blox-gift.vercel.app/flags/index-195.html]
[blox-gift.vercel.app/flags/index-196.html]
[blox-gift.vercel.app/flags/index-197.html]
[blox-gift.vercel.app/flags/index-198.html]
[blox-gift.vercel.app/flags/index-199.html]
[blox-gift.vercel.app/flags/index-200.html]
[blox-gift.vercel.app/flags/index-201.html]
[blox-gift.vercel.app/flags/index-202.html]
[blox-gift.vercel.app/flags/index-203.html]
[blox-gift.vercel.app/flags/index-204.html]
[blox-gift.vercel.app/flags/index-205.html]
[blox-gift.vercel.app/flags/index-206.html]
[blox-gift.vercel.app/flags/index-207.html]
[blox-gift.vercel.app/flags/index-208.html]
[blox-gift.vercel.app/flags/index-209.html]
[blox-gift.vercel.app/flags/index-210.html]
[blox-gift.vercel.app/flags/index-211.html]
[blox-gift.vercel.app/flags/index-212.html]
[blox-gift.vercel.app/flags/index-213.html]
[blox-gift.vercel.app/flags/index-214.html]
[blox-gift.vercel.app/flags/index-215.html]
[blox-gift.vercel.app/flags/index-216.html]
[blox-gift.vercel.app/flags/index-217.html]
[blox-gift.vercel.app/flags/index-218.html]
[blox-gift.vercel.app/flags/index-219.html]
[blox-gift.vercel.app/flags/index-220.html]
[blox-gift.vercel.app/flags/index-221.html]
[blox-gift.vercel.app/flags/index-222.html]
[blox-gift.vercel.app/flags/index-223.html]
[blox-gift.vercel.app/flags/index-224.html]
[blox-gift.vercel.app/flags/index-225.html]
[blox-gift.vercel.app/flags/index-226.html]
[blox-gift.vercel.app/flags/index-227.html]
[blox-gift.vercel.app/flags/index-228.html]
[blox-gift.vercel.app/flags/index-229.html]
[blox-gift.vercel.app/flags/index-230.html]
[blox-gift.vercel.app/flags/index-231.html]
[blox-gift.vercel.app/flags/index-232.html]
[blox-gift.vercel.app/flags/index-233.html]
[blox-gift.vercel.app/flags/index-234.html]
[blox-gift.vercel.app/flags/index-235.html]
[blox-gift.vercel.app/flags/index-236.html]
[blox-gift.vercel.app/flags/index-237.html]
[blox-gift.vercel.app/flags/index-238.html]
[blox-gift.vercel.app/flags/index-239.html]
[blox-gift.vercel.app/flags/index-240.html]
[blox-gift.vercel.app/flags/index-241.html]
[blox-gift.vercel.app/flags/index-242.html]
[blox-gift.vercel.app/flags/index-243.html]
[blox-gift.vercel.app/flags/index-244.html]
[blox-gift.vercel.app/flags/index-245.html]
[blox-gift.vercel.app/flags/index-246.html]
[blox-gift.vercel.app/flags/index-247.html]
[blox-gift.vercel.app/flags/index-248.html]
[blox-gift.vercel.app/flags/index-249.html]
[blox-gift.vercel.app/flags/index-250.html]
[blox-gift.vercel.app/flags/index-251.html]
[blox-gift.vercel.app/flags/index-252.html]
[blox-gift.vercel.app/flags/index-253.html]
[blox-gift.vercel.app/flags/index-254.html]
[blox-gift.vercel.app/flags/index-255.html]
[blox-gift.vercel.app/flags/index-256.html]
[blox-gift.vercel.app/flags/index-257.html]
[blox-gift.vercel.app/flags/index-258.html]
[blox-gift.vercel.app/flags/index-259.html]
[blox-gift.vercel.app/flags/index-260.html]
[blox-gift.vercel.app/flags/index-261.html]
[blox-gift.vercel.app/flags/index-262.html]
[blox-gift.vercel.app/flags/index-263.html]
[blox-gift.vercel.app/flags/index-264.html]
[blox-gift.vercel.app/flags/index-265.html]
[blox-gift.vercel.app/flags/index-266.html]
[blox-gift.vercel.app/flags/index-267.html]
[blox-gift.vercel.app/flags/index-268.html]
[blox-gift.vercel.app/flags/index-269.html]
[blox-gift.vercel.app/flags/index-270.html]
[blox-gift.vercel.app/webp/bg.webp]
[blox-gift.vercel.app/index-4.html]
[blox-gift.vercel.app/index-5.html]
[blox-gift.vercel.app/index-6.html]
[blox-gift.vercel.app/index-7.html]
[blox-gift.vercel.app/index-8.html]
[blox-gift.vercel.app/5aee6c.css]
[blox-gift.vercel.app/index-9.html]
[blox-gift.vercel.app/flags/index-271.html]
[blox-gift.vercel.app/flags/index-272.html]
[blox-gift.vercel.app/flags/index-273.html]
[blox-gift.vercel.app/flags/index-274.html]
[blox-gift.vercel.app/flags/index-275.html]
[blox-gift.vercel.app/flags/index.html]
[blox-gift.vercel.app/flags/index-2.html]
[blox-gift.vercel.app/flags/index-3.html]
[blox-gift.vercel.app/flags/index-4.html]
[blox-gift.vercel.app/flags/index-5.html]
[blox-gift.vercel.app/flags/index-6.html]
[blox-gift.vercel.app/flags/index-7.html]
[blox-gift.vercel.app/flags/index-8.html]
[blox-gift.vercel.app/flags/index-9.html]
[blox-gift.vercel.app/flags/index-10.html]
[blox-gift.vercel.app/flags/index-11.html]
[blox-gift.vercel.app/flags/index-12.html]
[blox-gift.vercel.app/flags/index-13.html]
[blox-gift.vercel.app/flags/index-14.html]
[blox-gift.vercel.app/flags/index-15.html]
[blox-gift.vercel.app/flags/index-16.html]
[blox-gift.vercel.app/flags/index-17.html]
[blox-gift.vercel.app/flags/index-18.html]
[blox-gift.vercel.app/flags/index-19.html]
[blox-gift.vercel.app/flags/index-20.html]
[blox-gift.vercel.app/flags/index-21.html]
[blox-gift.vercel.app/flags/index-22.html]
[blox-gift.vercel.app/flags/index-23.html]
[blox-gift.vercel.app/flags/index-24.html]
[blox-gift.vercel.app/flags/index-25.html]
[blox-gift.vercel.app/flags/index-26.html]
[blox-gift.vercel.app/flags/index-27.html]
[blox-gift.vercel.app/flags/index-28.html]
[blox-gift.vercel.app/flags/index-29.html]
[blox-gift.vercel.app/flags/index-30.html]
[blox-gift.vercel.app/flags/index-31.html]
[blox-gift.vercel.app/flags/index-32.html]
[blox-gift.vercel.app/flags/index-33.html]
[blox-gift.vercel.app/flags/index-34.html]
[blox-gift.vercel.app/flags/index-35.html]
[blox-gift.vercel.app/flags/index-36.html]
[blox-gift.vercel.app/flags/index-37.html]
[blox-gift.vercel.app/flags/index-38.html]
[blox-gift.vercel.app/flags/index-39.html]
[blox-gift.vercel.app/flags/index-40.html]
[blox-gift.vercel.app/flags/index-41.html]
[blox-gift.vercel.app/flags/index-42.html]
[blox-gift.vercel.app/flags/index-43.html]
[blox-gift.vercel.app/flags/index-44.html]
[blox-gift.vercel.app/flags/index-45.html]
[blox-gift.vercel.app/flags/index-46.html]
[blox-gift.vercel.app/flags/index-47.html]
[blox-gift.vercel.app/flags/index-48.html]
[blox-gift.vercel.app/flags/index-49.html]
[blox-gift.vercel.app/flags/index-50.html]
[blox-gift.vercel.app/flags/index-51.html]
[blox-gift.vercel.app/flags/index-52.html]
[blox-gift.vercel.app/flags/index-53.html]
[blox-gift.vercel.app/flags/index-54.html]
[blox-gift.vercel.app/flags/index-55.html]
[blox-gift.vercel.app/flags/index-56.html]
[blox-gift.vercel.app/flags/index-57.html]
[blox-gift.vercel.app/flags/index-58.html]
[blox-gift.vercel.app/flags/index-59.html]
[blox-gift.vercel.app/flags/index-60.html]
[blox-gift.vercel.app/flags/index-61.html]
[blox-gift.vercel.app/flags/index-62.html]
[blox-gift.vercel.app/flags/index-63.html]
[blox-gift.vercel.app/flags/index-64.html]
[blox-gift.vercel.app/flags/index-65.html]
[blox-gift.vercel.app/flags/index-66.html]
[blox-gift.vercel.app/flags/index-67.html]
[blox-gift.vercel.app/flags/index-68.html]
[blox-gift.vercel.app/flags/index-69.html]
[blox-gift.vercel.app/flags/index-70.html]
[blox-gift.vercel.app/flags/index-71.html]
[blox-gift.vercel.app/flags/index-72.html]
[blox-gift.vercel.app/flags/index-73.html]
[blox-gift.vercel.app/flags/index-74.html]
[blox-gift.vercel.app/flags/index-75.html]
[blox-gift.vercel.app/flags/index-76.html]
[blox-gift.vercel.app/flags/index-77.html]
[blox-gift.vercel.app/flags/gb.svg]
[blox-gift.vercel.app/flags/index-78.html]
[blox-gift.vercel.app/flags/index-79.html]
[blox-gift.vercel.app/flags/index-80.html]
[blox-gift.vercel.app/flags/index-81.html]
[blox-gift.vercel.app/flags/index-82.html]
[blox-gift.vercel.app/flags/index-83.html]
[blox-gift.vercel.app/flags/index-84.html]
[blox-gift.vercel.app/flags/index-85.html]
[blox-gift.vercel.app/flags/index-86.html]
[blox-gift.vercel.app/flags/index-87.html]
[blox-gift.vercel.app/flags/index-88.html]
[blox-gift.vercel.app/flags/index-89.html]
[blox-gift.vercel.app/flags/index-90.html]
[blox-gift.vercel.app/flags/index-91.html]
[blox-gift.vercel.app/flags/index-92.html]
[blox-gift.vercel.app/flags/index-93.html]
[blox-gift.vercel.app/flags/index-94.html]
[blox-gift.vercel.app/flags/index-95.html]
[blox-gift.vercel.app/flags/index-96.html]
[blox-gift.vercel.app/flags/index-97.html]
[blox-gift.vercel.app/flags/index-98.html]
[blox-gift.vercel.app/flags/index-99.html]
[blox-gift.vercel.app/flags/index-100.html]
[blox-gift.vercel.app/flags/index-101.html]
[blox-gift.vercel.app/flags/index-102.html]
[blox-gift.vercel.app/flags/index-103.html]
[blox-gift.vercel.app/flags/index-104.html]
[blox-gift.vercel.app/flags/index-105.html]
[blox-gift.vercel.app/flags/index-106.html]
[blox-gift.vercel.app/flags/index-107.html]
[blox-gift.vercel.app/flags/index-108.html]
[blox-gift.vercel.app/flags/index-109.html]
[blox-gift.vercel.app/flags/index-110.html]
[blox-gift.vercel.app/flags/index-111.html]
[blox-gift.vercel.app/flags/index-112.html]
[blox-gift.vercel.app/flags/index-113.html]
[blox-gift.vercel.app/flags/index-114.html]
[blox-gift.vercel.app/flags/index-115.html]
[blox-gift.vercel.app/flags/index-116.html]
[blox-gift.vercel.app/flags/index-117.html]
[blox-gift.vercel.app/flags/index-118.html]
[blox-gift.vercel.app/flags/index-119.html]
[blox-gift.vercel.app/flags/index-120.html]
[blox-gift.vercel.app/flags/index-121.html]
[blox-gift.vercel.app/flags/index-122.html]
[blox-gift.vercel.app/flags/index-123.html]
[blox-gift.vercel.app/flags/index-124.html]
[blox-gift.vercel.app/flags/index-125.html]
[blox-gift.vercel.app/flags/index-126.html]
[blox-gift.vercel.app/flags/index-127.html]
[blox-gift.vercel.app/flags/index-128.html]
[blox-gift.vercel.app/flags/index-129.html]
[blox-gift.vercel.app/flags/index-130.html]
[blox-gift.vercel.app/flags/index-131.html]
[blox-gift.vercel.app/flags/index-132.html]
[blox-gift.vercel.app/flags/index-133.html]
[blox-gift.vercel.app/flags/index-134.html]
[blox-gift.vercel.app/flags/index-135.html]
[blox-gift.vercel.app/flags/index-136.html]
[blox-gift.vercel.app/flags/index-137.html]
[blox-gift.vercel.app/flags/index-138.html]
[blox-gift.vercel.app/flags/index-139.html]
[blox-gift.vercel.app/flags/index-140.html]
[blox-gift.vercel.app/flags/index-141.html]
[blox-gift.vercel.app/flags/index-142.html]
[blox-gift.vercel.app/flags/index-143.html]
[blox-gift.vercel.app/flags/index-144.html]
[blox-gift.vercel.app/flags/index-145.html]
[blox-gift.vercel.app/flags/index-276.html]
[blox-gift.vercel.app/flags/index-146.html]
[blox-gift.vercel.app/flags/index-147.html]
[blox-gift.vercel.app/flags/index-148.html]
[blox-gift.vercel.app/flags/index-149.html]
[blox-gift.vercel.app/flags/index-150.html]
[blox-gift.vercel.app/flags/index-151.html]
[blox-gift.vercel.app/flags/index-152.html]
[blox-gift.vercel.app/flags/index-153.html]
[blox-gift.vercel.app/flags/index-154.html]
[blox-gift.vercel.app/flags/index-155.html]
[blox-gift.vercel.app/flags/index-156.html]
[blox-gift.vercel.app/flags/index-157.html]
[blox-gift.vercel.app/flags/index-158.html]
[blox-gift.vercel.app/flags/index-159.html]
[blox-gift.vercel.app/flags/index-160.html]
[blox-gift.vercel.app/flags/index-161.html]
[blox-gift.vercel.app/flags/index-162.html]
[blox-gift.vercel.app/flags/index-163.html]
[blox-gift.vercel.app/flags/index-164.html]
[blox-gift.vercel.app/flags/index-165.html]
[blox-gift.vercel.app/flags/index-166.html]
[blox-gift.vercel.app/flags/index-167.html]
[blox-gift.vercel.app/flags/index-168.html]
[blox-gift.vercel.app/flags/index-169.html]
[blox-gift.vercel.app/flags/index-170.html]
[blox-gift.vercel.app/flags/index-171.html]
[blox-gift.vercel.app/flags/index-172.html]
[blox-gift.vercel.app/flags/index-173.html]
[blox-gift.vercel.app/flags/index-174.html]
[blox-gift.vercel.app/flags/index-175.html]
[blox-gift.vercel.app/flags/index-176.html]
[blox-gift.vercel.app/flags/index-177.html]
[blox-gift.vercel.app/flags/index-178.html]
[blox-gift.vercel.app/flags/index-179.html]
[blox-gift.vercel.app/flags/index-180.html]
[blox-gift.vercel.app/flags/index-181.html]
[blox-gift.vercel.app/flags/index-182.html]
[blox-gift.vercel.app/flags/index-183.html]
[blox-gift.vercel.app/flags/index-184.html]
[blox-gift.vercel.app/flags/index-185.html]
[blox-gift.vercel.app/flags/index-186.html]
[blox-gift.vercel.app/flags/index-187.html]
[blox-gift.vercel.app/flags/index-188.html]
[blox-gift.vercel.app/flags/index-189.html]
[blox-gift.vercel.app/flags/index-190.html]
[blox-gift.vercel.app/flags/index-191.html]
[blox-gift.vercel.app/flags/index-192.html]
[blox-gift.vercel.app/flags/index-193.html]
[blox-gift.vercel.app/flags/index-194.html]
[blox-gift.vercel.app/flags/index-195.html]
[blox-gift.vercel.app/flags/index-196.html]
[blox-gift.vercel.app/flags/index-197.html]
[blox-gift.vercel.app/flags/index-198.html]
[blox-gift.vercel.app/flags/index-199.html]
[blox-gift.vercel.app/flags/index-200.html]
[blox-gift.vercel.app/flags/index-201.html]
[blox-gift.vercel.app/flags/index-202.html]
[blox-gift.vercel.app/flags/index-203.html]
[blox-gift.vercel.app/flags/index-204.html]
[blox-gift.vercel.app/flags/index-205.html]
[blox-gift.vercel.app/flags/index-206.html]
[blox-gift.vercel.app/flags/index-207.html]
[blox-gift.vercel.app/flags/index-208.html]
[blox-gift.vercel.app/flags/index-209.html]
[blox-gift.vercel.app/flags/index-210.html]
[blox-gift.vercel.app/flags/index-211.html]
[blox-gift.vercel.app/flags/index-212.html]
[blox-gift.vercel.app/flags/index-213.html]
[blox-gift.vercel.app/flags/index-214.html]
[blox-gift.vercel.app/flags/index-215.html]
[blox-gift.vercel.app/flags/index-216.html]
[blox-gift.vercel.app/flags/index-217.html]
[blox-gift.vercel.app/flags/index-218.html]
[blox-gift.vercel.app/flags/index-219.html]
[blox-gift.vercel.app/flags/index-220.html]
[blox-gift.vercel.app/flags/index-221.html]
[blox-gift.vercel.app/flags/index-222.html]
[blox-gift.vercel.app/flags/index-223.html]
[blox-gift.vercel.app/flags/index-224.html]
[blox-gift.vercel.app/flags/index-225.html]
[blox-gift.vercel.app/flags/index-226.html]
[blox-gift.vercel.app/flags/index-227.html]
[blox-gift.vercel.app/flags/index-228.html]
[blox-gift.vercel.app/flags/index-229.html]
[blox-gift.vercel.app/flags/index-230.html]
[blox-gift.vercel.app/flags/index-231.html]
[blox-gift.vercel.app/flags/index-232.html]
[blox-gift.vercel.app/flags/index-233.html]
[blox-gift.vercel.app/flags/index-234.html]
[blox-gift.vercel.app/flags/index-235.html]
[blox-gift.vercel.app/flags/index-236.html]
[blox-gift.vercel.app/flags/index-237.html]
[blox-gift.vercel.app/flags/index-238.html]
[blox-gift.vercel.app/flags/index-239.html]
[blox-gift.vercel.app/flags/index-240.html]
[blox-gift.vercel.app/flags/index-241.html]
[blox-gift.vercel.app/flags/index-242.html]
[blox-gift.vercel.app/flags/index-243.html]
[blox-gift.vercel.app/flags/index-244.html]
[blox-gift.vercel.app/flags/index-245.html]
[blox-gift.vercel.app/flags/index-246.html]
[blox-gift.vercel.app/flags/index-247.html]
[blox-gift.vercel.app/flags/index-248.html]
[blox-gift.vercel.app/flags/index-249.html]
[blox-gift.vercel.app/flags/index-250.html]
[blox-gift.vercel.app/flags/index-251.html]
[blox-gift.vercel.app/flags/index-252.html]
[blox-gift.vercel.app/flags/index-253.html]
[blox-gift.vercel.app/flags/index-254.html]
[blox-gift.vercel.app/flags/index-255.html]
[blox-gift.vercel.app/flags/index-256.html]
[blox-gift.vercel.app/flags/index-257.html]
[blox-gift.vercel.app/flags/index-258.html]
[blox-gift.vercel.app/flags/index-259.html]
[blox-gift.vercel.app/flags/index-260.html]
[blox-gift.vercel.app/flags/index-261.html]
[blox-gift.vercel.app/flags/index-262.html]
[blox-gift.vercel.app/flags/index-263.html]
[blox-gift.vercel.app/flags/index-264.html]
[blox-gift.vercel.app/flags/index-265.html]
[blox-gift.vercel.app/flags/index-266.html]
[blox-gift.vercel.app/flags/index-267.html]
[blox-gift.vercel.app/flags/index-268.html]
[blox-gift.vercel.app/flags/index-269.html]
[blox-gift.vercel.app/flags/index-270.html]
[blox-gift.vercel.app/index-4.html]
[blox-gift.vercel.app/index-5.html]
[blox-gift.vercel.app/index-6.html]
[blox-gift.vercel.app/index-7.html]
[blox-gift.vercel.app/index-8.html]
[blox-gift.vercel.app/index-9.html]
[blox-gift.vercel.app/flags/index-271.html]
[blox-gift.vercel.app/flags/index-272.html]
[blox-gift.vercel.app/flags/index-273.html]
[blox-gift.vercel.app/flags/index-274.html]
[blox-gift.vercel.app/flags/index-275.html]
[blox-gift.vercel.app/flags/index-276.html]
